// Jest Snapshot v1, https://goo.gl/fbAQLP

exports[`MessageList should render correctly 1`] = `
<RCTSafeAreaView
  emulateUnlessSupported={true}
  style={
    Object {
      "backgroundColor": "#f3F3F3",
      "flex": 1,
    }
  }
>
  <RCTScrollView
    ListEmptyComponent={<ListEmptyComponent />}
    data={Array []}
    getItem={[Function]}
    getItemCount={[Function]}
    invertStickyHeaders={false}
    inverted={false}
    keyExtractor={[Function]}
    onContentSizeChange={[Function]}
    onLayout={[Function]}
    onMomentumScrollBegin={[Function]}
    onMomentumScrollEnd={[Function]}
    onScroll={[Function]}
    onScrollBeginDrag={[Function]}
    onScrollEndDrag={[Function]}
    removeClippedSubviews={false}
    renderItem={[Function]}
    scrollEventThrottle={50}
    showsVerticalScrollIndicator={false}
    stickyHeaderIndices={Array []}
    style={
      Object {
        "paddingHorizontal": 16,
      }
    }
    viewabilityConfigCallbackPairs={Array []}
  >
    <View>
      <View
        style={
          Object {
            "alignItems": "center",
            "flex": 1,
            "justifyContent": "center",
          }
        }
      >
        <Text>
          Empty List
        </Text>
      </View>
    </View>
  </RCTScrollView>
</RCTSafeAreaView>
`;
