// Jest Snapshot v1, https://goo.gl/fbAQLP

exports[`ParticipantList should render correctly 1`] = `
<View
  style={
    Object {
      "backgroundColor": "#f3F3F3",
      "paddingBottom": 8,
      "paddingHorizontal": 16,
    }
  }
>
  <RCTScrollView
    data={Array []}
    getItem={[Function]}
    getItemCount={[Function]}
    horizontal={true}
    keyExtractor={[Function]}
    onContentSizeChange={[Function]}
    onLayout={[Function]}
    onMomentumScrollBegin={[Function]}
    onMomentumScrollEnd={[Function]}
    onScroll={[Function]}
    onScrollBeginDrag={[Function]}
    onScrollEndDrag={[Function]}
    removeClippedSubviews={false}
    renderItem={[Function]}
    scrollEventThrottle={50}
    showsHorizontalScrollIndicator={false}
    stickyHeaderIndices={Array []}
    viewabilityConfigCallbackPairs={Array []}
  >
    <View />
  </RCTScrollView>
</View>
`;
