// Jest Snapshot v1, https://goo.gl/fbAQLP

exports[`LoginButton should render correctly 1`] = `
<BVLinearGradient
  colors={
    Array [
      "#6100FF",
      "#8940FF",
    ]
  }
  style={
    Object {
      "borderRadius": 10,
      "height": 50,
      "marginHorizontal": 16,
    }
  }
>
  <View
    accessibilityState={
      Object {
        "disabled": false,
      }
    }
    accessible={true}
    collapsable={false}
    focusable={true}
    nativeID="animatedComponent"
    onClick={[Function]}
    onResponderGrant={[Function]}
    onResponderMove={[Function]}
    onResponderRelease={[Function]}
    onResponderTerminate={[Function]}
    onResponderTerminationRequest={[Function]}
    onStartShouldSetResponder={[Function]}
    style={
      Object {
        "alignItems": "center",
        "flex": 1,
        "justifyContent": "center",
        "opacity": 1,
      }
    }
    testID="login-button"
  >
    <Text
      style={
        Object {
          "color": "white",
        }
      }
      testID="login-button-text"
    >
      Login
    </Text>
  </View>
</BVLinearGradient>
`;
